 hello

 Timestamp is 47c28f3e (Mon Feb 25 10:49:50 2008)

 Preferred load address is 00400000

 Start         Length     Name                   Class
 0001:00000000 00007400H .text                   CODE
 0002:00000000 00000950H .data                   DATA
 0002:00000960 00002f28H .bss                    DATA

  Address         Publics by Value              Rva+Base     Lib:Object

 0000:00000000       ___safe_se_handler_count   00000000     <absolute>
 0000:00000000       ___safe_se_handler_table   00000000     <absolute>
 0001:0000000d       _main                      0040100d     hello.bin
 0001:00000040       start                      00401040     hello.bin
 0001:00000040       _start                     00401040     hello.bin
 0001:00000240       ___exit                    00401240     hello.bin
 0001:00000305       ___sbrk                    00401305     hello.bin
 0001:00000320       ___brk                     00401320     hello.bin
 0001:00000415       __crt0_init_mcount         00401415     hello.bin
 0001:00000420       _puts                      00401420     hello.bin
 0001:00000534       __npxsetup                 00401534     hello.bin
 0001:000006c0       ___djgpp_exception_table   004016c0     hello.bin
 0001:00000844       ___djgpp_save_interrupt_regs 00401844     hello.bin
 0001:000008c0       ___djgpp_hw_lock_start     004018c0     hello.bin
 0001:000008c8       ___djgpp_cbrk_count        004018c8     hello.bin
 0001:000008cc       ___djgpp_timer_countdown   004018cc     hello.bin
 0001:000008d0       ___djgpp_our_DS            004018d0     hello.bin
 0001:000008d2       ___djgpp_app_DS            004018d2     hello.bin
 0001:000008d4       ___djgpp_dos_sel           004018d4     hello.bin
 0001:000008d6       ___djgpp_hwint_flags       004018d6     hello.bin
 0001:000008d8       ___djgpp_sigint_key        004018d8     hello.bin
 0001:000008da       ___djgpp_sigint_mask       004018da     hello.bin
 0001:000008dc       ___djgpp_sigquit_key       004018dc     hello.bin
 0001:000008de       ___djgpp_sigquit_mask      004018de     hello.bin
 0001:000008e0       ___djgpp_old_kbd           004018e0     hello.bin
 0001:000008e8       ___djgpp_old_timer         004018e8     hello.bin
 0001:000008f0       ___djgpp_exception_state_ptr 004018f0     hello.bin
 0001:00000934       ___djgpp_ds_alias          00401934     hello.bin
 0001:00000936       ___djgpp_npx_hdlr          00401936     hello.bin
 0001:00000950       ___djgpp_kbd_hdlr          00401950     hello.bin
 0001:000009b2       ___djgpp_kbd_hdlr_pc98     004019b2     hello.bin
 0001:000009f2       ___djgpp_timer_hdlr        004019f2     hello.bin
 0001:00000a30       ___djgpp_cbrk_hdlr         00401a30     hello.bin
 0001:00000a5c       ___djgpp_i24               00401a5c     hello.bin
 0001:00000a5e       ___djgpp_iret              00401a5e     hello.bin
 0001:00000a60       ___djgpp_hw_exception      00401a60     hello.bin
 0001:00000a9c       ___djgpp_hw_lock_end       00401a9c     hello.bin
 0001:00000df8       ___crt1_startup            00401df8     hello.bin
 0001:00000eb0       ___register_frame_info     00401eb0     hello.bin
 0001:00000ec0       _putchar                   00401ec0     hello.bin
 0001:00001884       _signal                    00402884     hello.bin
 0001:000019d4       ___djgpp_traceback_exit    004029d4     hello.bin
 0001:00001a84       _raise                     00402a84     hello.bin
 0001:00001b0c       ___djgpp_exception_processor 00402b0c     hello.bin
 0001:00001b5c       ___djgpp_exception_toggle  00402b5c     hello.bin
 0001:00001d38       ___djgpp_set_sigint_key    00402d38     hello.bin
 0001:00001d4c       ___djgpp_set_sigquit_key   00402d4c     hello.bin
 0001:00001d60       ___djgpp_exception_setup   00402d60     hello.bin
 0001:00001ebc       ___djgpp_set_ctrl_c        00402ebc     hello.bin
 0001:00001ee8       ___maybe_fix_w2k_ntvdm_bug 00402ee8     hello.bin
 0001:00001f28       __exit                     00402f28     hello.bin
 0001:00001f70       _longjmp                   00402f70     hello.bin
 0001:00001ff0       _getenv                    00402ff0     hello.bin
 0001:00002060       ___dpmi_set_coprocessor_emulation 00403060     hello.bin
 0001:00002090       __detect_80387             00403090     hello.bin
 0001:000020e0       __write                    004030e0     hello.bin
 0001:000021d0       _strcat                    004031d0     hello.bin
 0001:00002200       __dxe_load                 00403200     hello.bin
 0001:000022d0       __control87                004032d0     hello.bin
 0001:00002300       ___dpmi_allocate_ldt_descriptors 00403300     hello.bin
 0001:00002330       ___dpmi_int                00403330     hello.bin
 0001:000023c0       ___dpmi_set_segment_limit  004033c0     hello.bin
 0001:000023f0       ___dpmi_get_version        004033f0     hello.bin
 0001:00002430       ___dpmi_get_segment_base_address 00403430     hello.bin
 0001:00002460       ___movedata                00403460     hello.bin
 0001:00002490       _malloc                    00403490     hello.bin
 0001:000026c8       _free                      004036c8     hello.bin
 0001:0000282c       _realloc                   0040382c     hello.bin
 0001:00002880       _strcpy                    00403880     hello.bin
 0001:000028b0       _abort                     004038b0     hello.bin
 0001:000028e0       _calloc                    004038e0     hello.bin
 0001:000029c4       __get_dos_version          004039c4     hello.bin
 0001:00002ad0       ___putenv                  00403ad0     hello.bin
 0001:00002dc0       ___setup_file_rec_list     00403dc0     hello.bin
 0001:00002e10       __get_volume_info          00403e10     hello.bin
 0001:00002fb8       __use_lfn                  00403fb8     hello.bin
 0001:00003164       ___crt0_load_environment_file 00404164     hello.bin
 0001:00003d2c       ___crt0_setup_arguments    00404d2c     hello.bin
 0001:00004260       ___main                    00405260     hello.bin
 0001:000042b0       _exit                      004052b0     hello.bin
 0001:00004330       ___write                   00405330     hello.bin
 0001:000044c0       ___isatty                  004054c0     hello.bin
 0001:00004500       ___file_handle_set         00405500     hello.bin
 0001:000045c0       __flsbuf                   004055c0     hello.bin
 0001:00004720       ___dpmi_get_segment_limit  00405720     hello.bin
 0001:00004740       __status87                 00405740     hello.bin
 0001:00004750       _setjmp                    00405750     hello.bin
 0001:000047b0       ___dpmi_get_processor_exception_handler_vector 004057b0     hello.bin
 0001:000047e0       ___dpmi_set_processor_exception_handler_vector 004057e0     hello.bin
 0001:00004810       ___dpmi_get_protected_mode_interrupt_vector 00405810     hello.bin
 0001:00004840       ___dpmi_set_protected_mode_interrupt_vector 00405840     hello.bin
 0001:00004870       ___dpmi_set_real_mode_interrupt_vector 00405870     hello.bin
 0001:000048a0       ___dpmi_free_real_mode_callback 004058a0     hello.bin
 0001:000048d0       ___dpmi_get_real_mode_interrupt_vector 004058d0     hello.bin
 0001:00004900       ___dpmi_allocate_real_mode_callback 00405900     hello.bin
 0001:00004950       ___dpmi_lock_linear_region 00405950     hello.bin
 0001:00004990       __clear87                  00405990     hello.bin
 0001:000049e4       ___FSEXT_alloc_fd          004059e4     hello.bin
 0001:00004b10       ___FSEXT_set_function      00405b10     hello.bin
 0001:00004b40       ___FSEXT_get_function      00405b40     hello.bin
 0001:00004bc8       ___FSEXT_set_data          00405bc8     hello.bin
 0001:00004bf4       ___FSEXT_get_data          00405bf4     hello.bin
 0001:00004c20       ___dosmemput               00405c20     hello.bin
 0001:00004c50       ___doserr_to_errno         00405c50     hello.bin
 0001:00004c80       __open                     00405c80     hello.bin
 0001:00004e50       __read                     00405e50     hello.bin
 0001:00004f40       __close                    00405f40     hello.bin
 0001:00004fc0       ___dj_movedata             00405fc0     hello.bin
 0001:00004ff0       _sbrk                      00405ff0     hello.bin
 0001:00005000       _memcpy                    00406000     hello.bin
 0001:00005020       _memset                    00406020     hello.bin
 0001:00005060       _strchr                    00406060     hello.bin
 0001:00005080       _strncmp                   00406080     hello.bin
 0001:000050c0       _strcmp                    004060c0     hello.bin
 0001:00005134       __put_path                 00406134     hello.bin
 0001:00005160       __put_path2                00406160     hello.bin
 0001:00005490       __dos_getdrive             00406490     hello.bin
 0001:000054c0       ___lseek                   004064c0     hello.bin
 0001:00005550       ___crt0_glob_function      00406550     hello.bin
 0001:00005580       _strncpy                   00406580     hello.bin
 0001:000055c0       _strncat                   004065c0     hello.bin
 0001:00005624       ___stdio_cleanup_proc      00406624     hello.bin
 0001:00005640       ___setmode                 00406640     hello.bin
 0001:00005710       _close                     00406710     hello.bin
 0001:00005720       ___FSEXT_add_open_handler  00406720     hello.bin
 0001:00005750       ___FSEXT_call_open_handlers 00406750     hello.bin
 0001:00005790       ___dosmemget               00406790     hello.bin
 0001:000061c0       ___glob                    004071c0     hello.bin
 0001:000063c0       _fflush                    004073c0     hello.bin
 0001:000064b0       _fclose                    004074b0     hello.bin
 0001:00006560       __fwalk                    00407560     hello.bin
 0001:000065a0       ___close                   004075a0     hello.bin
 0001:000065b0       ___stricmp                 004075b0     hello.bin
 0001:00006610       ___file_exists             00407610     hello.bin
 0001:00006648       ___findfirst               00407648     hello.bin
 0001:0000686c       __lfn_gen_short_fname      0040786c     hello.bin
 0001:000069b0       ___findnext                004079b0     hello.bin
 0001:00006c50       ___fnmatch                 00407c50     hello.bin
 0001:00006e38       __preserve_fncase          00407e38     hello.bin
 0001:00006e70       _qsort                     00407e70     hello.bin
 0001:00007280       _remove                    00408280     hello.bin
 0001:00007370       __chmod                    00408370     hello.bin
 0001:000073fc       etext                      004083fc     hello.bin
 0001:000073fc       _etext                     004083fc     hello.bin
 0002:00000000       djgpp_last_ctor            00409000     hello.bin
 0002:00000000       djgpp_first_dtor           00409000     hello.bin
 0002:00000000       djgpp_last_dtor            00409000     hello.bin
 0002:00000000       ___djgpp_memory_handle_pointer 00409000     hello.bin
 0002:00000000       djgpp_first_ctor           00409000     hello.bin
 0002:000000d0       ___libc_ident_string       004090d0     hello.bin
 0002:0000010a       ___libc_sccs_ident         0040910a     hello.bin
 0002:00000150       ___bss_count               00409150     hello.bin
 0002:00000154       ___PROXY                   00409154     hello.bin
 0002:0000015c       ___PROXY_LEN               0040915c     hello.bin
 0002:000001d0       ___dj_ctype_tolower        004091d0     hello.bin
 0002:000003d0       ___environ_changed         004093d0     hello.bin
 0002:000003e0       ___file_rec_list           004093e0     hello.bin
 0002:00000410       ___atexit_ptr              00409410     hello.bin
 0002:00000414       ___FSEXT_exit_hook         00409414     hello.bin
 0002:00000420       ___libc_write_termios_hook 00409420     hello.bin
 0002:00000430       ___dj_stdout               00409430     hello.bin
 0002:0000046c       ___file_handle_modes       0040946c     hello.bin
 0002:00000580       ___dj_stdin                00409580     hello.bin
 0002:000005a0       ___dj_stderr               004095a0     hello.bin
 0002:000005c0       ___dj_stdprn               004095c0     hello.bin
 0002:000005e0       ___dj_stdaux               004095e0     hello.bin
 0002:00000600       ___dj_ctype_toupper        00409600     hello.bin
 0002:00000710       ___dj_ctype_flags          00409710     hello.bin
 0002:00000920       ___stdio_cleanup_hook      00409920     hello.bin
 0002:00000940       ___EH_FRAME_END__          00409940     hello.bin
 0002:00000940       ___EH_FRAME_BEGIN__        00409940     hello.bin
 0002:00000944       _edata                     00409944     hello.bin
 0002:00000944       edata                      00409944     hello.bin
 0002:00000960       _object.2                  00409960     hello.bin
 0002:00001098       ___dpmi_int_flags          0040a098     <common>
 0002:00001098       _end                       0040a098     hello.bin
 0002:00001098       end                        0040a098     hello.bin
 0002:0000109a       ___dpmi_error              0040a09a     <common>
 0002:0000109c       __stubinfo                 0040a09c     <common>
 0002:000010a0       __crt0_startup_flags       0040a0a0     <common>
 0002:000010a4       _errno                     0040a0a4     <common>
 0002:000010a8       ___djgpp_selector_limit    0040a0a8     <common>
 0002:000010c0       exception_stack            0040a0c0     <common>
 0002:00003000       ___dos_argv0               0040c000     <common>
 0002:00003004       __8087                     0040c004     <common>
 0002:00003008       __osminor                  0040c008     <common>
 0002:00003020       ___djgpp_memory_handle_list 0040c020     <common>
 0002:00003820       __os_flavor                0040c820     <common>
 0002:00003824       ___crt0_argv               0040c824     <common>
 0002:00003828       ___djgpp_base_address      0040c828     <common>
 0002:0000382c       __stklen                   0040c82c     <common>
 0002:00003830       ___crt0_argc               0040c830     <common>
 0002:00003834       __osmajor                  0040c834     <common>
 0002:00003838       ___emu387_load_hook        0040c838     <common>
 0002:0000383c       _environ                   0040c83c     <common>
 0002:00003840       __doserrno                 0040c840     <common>
 0002:00003844       ___dpmi_int_ss             0040c844     <common>
 0002:00003846       ___dpmi_int_sp             0040c846     <common>
 0002:00003848       ___djgpp_stack_limit       0040c848     <common>
 0002:00003860       __go32_info_block          0040c860     <common>

 entry point at        0001:00000040

 Static symbols

